
> fpga-nn-simulator@1.0.0 build
> tsc -b && vite build

src/components/analytics/FormulaProvenance.tsx(24,27): error TS6133: 'i' is declared but its value is never read.
src/components/analytics/LayerStatsTable.tsx(35,88): error TS2551: Property 'latency_us' does not exist on type 'LayerEstimate'. Did you mean 'latencyUs'?
src/components/analytics/RooflineChart.tsx(78,115): error TS2769: No overload matches this call.
  Overload 1 of 2, '(props: Props): Scatter', gave the following error.
    Type '{ data: { x: number; y: number; }[]; dataKey: string; line: { stroke: string; strokeWidth: number; strokeDasharray: string; }; dot: boolean; name: string; fill: string; }' is not assignable to type 'IntrinsicAttributes & IntrinsicClassAttributes<Scatter> & Pick<Readonly<Props>, "string" | "className" | ... 274 more ... | "line"> & InexactPartial<...> & InexactPartial<...>'.
      Property 'dot' does not exist on type 'IntrinsicAttributes & IntrinsicClassAttributes<Scatter> & Pick<Readonly<Props>, "string" | "className" | ... 274 more ... | "line"> & InexactPartial<...> & InexactPartial<...>'.
  Overload 2 of 2, '(props: Props, context: any): Scatter', gave the following error.
    Type '{ data: { x: number; y: number; }[]; dataKey: string; line: { stroke: string; strokeWidth: number; strokeDasharray: string; }; dot: boolean; name: string; fill: string; }' is not assignable to type 'IntrinsicAttributes & IntrinsicClassAttributes<Scatter> & Pick<Readonly<Props>, "string" | "className" | ... 274 more ... | "line"> & InexactPartial<...> & InexactPartial<...>'.
      Property 'dot' does not exist on type 'IntrinsicAttributes & IntrinsicClassAttributes<Scatter> & Pick<Readonly<Props>, "string" | "className" | ... 274 more ... | "line"> & InexactPartial<...> & InexactPartial<...>'.
src/components/builder/LayerForm.tsx(3,10): error TS1484: 'Layer' is a type and must be imported using a type-only import when 'verbatimModuleSyntax' is enabled.
src/components/builder/LayerForm.tsx(3,10): error TS6133: 'Layer' is declared but its value is never read.
src/components/builder/LayerForm.tsx(3,17): error TS1484: 'Conv2DLayer' is a type and must be imported using a type-only import when 'verbatimModuleSyntax' is enabled.
src/components/builder/LayerForm.tsx(3,30): error TS1484: 'DenseLayer' is a type and must be imported using a type-only import when 'verbatimModuleSyntax' is enabled.
src/components/builder/ParallelismSlider.tsx(35,77): error TS2551: Property 'latency_us' does not exist on type 'LayerEstimate'. Did you mean 'latencyUs'?
src/components/builder/PrecisionComparator.tsx(4,10): error TS1484: 'EstimationResult' is a type and must be imported using a type-only import when 'verbatimModuleSyntax' is enabled.
src/components/builder/PrecisionComparator.tsx(8,51): error TS6133: 'currentResult' is declared but its value is never read.
src/components/builder/PrecisionComparator.tsx(85,48): error TS2551: Property 'latency_us' does not exist on type 'TotalEstimate'. Did you mean 'latencyUs'?
src/components/builder/PrecisionComparator.tsx(86,48): error TS2551: Property 'latency_us' does not exist on type 'TotalEstimate'. Did you mean 'latencyUs'?
src/components/builder/PrecisionComparator.tsx(87,48): error TS2551: Property 'latency_us' does not exist on type 'TotalEstimate'. Did you mean 'latencyUs'?
src/components/builder/PrecisionComparator.tsx(91,48): error TS2551: Property 'throughput_inf_per_sec' does not exist on type 'TotalEstimate'. Did you mean 'throughputInfPerSec'?
src/components/builder/PrecisionComparator.tsx(92,48): error TS2551: Property 'throughput_inf_per_sec' does not exist on type 'TotalEstimate'. Did you mean 'throughputInfPerSec'?
src/components/builder/PrecisionComparator.tsx(93,48): error TS2551: Property 'throughput_inf_per_sec' does not exist on type 'TotalEstimate'. Did you mean 'throughputInfPerSec'?
src/components/comparison/ComparisonTable.tsx(20,67): error TS2551: Property 'latency_us' does not exist on type 'TotalEstimate'. Did you mean 'latencyUs'?
src/components/comparison/ComparisonTable.tsx(21,66): error TS2551: Property 'throughput_inf_per_sec' does not exist on type 'TotalEstimate'. Did you mean 'throughputInfPerSec'?
src/components/comparison/ComparisonTable.tsx(48,79): error TS2551: Property 'latency_us' does not exist on type 'TotalEstimate'. Did you mean 'latencyUs'?
src/components/comparison/ComparisonTable.tsx(48,154): error TS2551: Property 'latency_us' does not exist on type 'TotalEstimate'. Did you mean 'latencyUs'?
src/components/comparison/ComparisonTable.tsx(49,79): error TS2551: Property 'throughput_inf_per_sec' does not exist on type 'TotalEstimate'. Did you mean 'throughputInfPerSec'?
src/components/comparison/ComparisonTable.tsx(49,165): error TS2551: Property 'throughput_inf_per_sec' does not exist on type 'TotalEstimate'. Did you mean 'throughputInfPerSec'?
src/components/layout/Sidebar.tsx(24,30): error TS6133: 'idx' is declared but its value is never read.
src/components/shared/Badge.tsx(1,10): error TS1484: 'ReactNode' is a type and must be imported using a type-only import when 'verbatimModuleSyntax' is enabled.
src/components/shared/Button.tsx(1,10): error TS1484: 'ButtonHTMLAttributes' is a type and must be imported using a type-only import when 'verbatimModuleSyntax' is enabled.
src/components/shared/Input.tsx(1,10): error TS1484: 'InputHTMLAttributes' is a type and must be imported using a type-only import when 'verbatimModuleSyntax' is enabled.
src/components/shared/Input.tsx(1,31): error TS1484: 'SelectHTMLAttributes' is a type and must be imported using a type-only import when 'verbatimModuleSyntax' is enabled.
src/components/shared/Modal.tsx(1,10): error TS1484: 'ReactNode' is a type and must be imported using a type-only import when 'verbatimModuleSyntax' is enabled.
src/components/shared/Tooltip.tsx(1,10): error TS1484: 'ReactNode' is a type and must be imported using a type-only import when 'verbatimModuleSyntax' is enabled.
src/components/shared/Tooltip.tsx(13,29): error TS2503: Cannot find namespace 'NodeJS'.
src/components/simulator/LatencyWaterfall.tsx(10,20): error TS2551: Property 'latency_us' does not exist on type 'LayerEstimate'. Did you mean 'latencyUs'?
src/components/simulator/LatencyWaterfall.tsx(11,19): error TS2551: Property 'latency_cycles' does not exist on type 'LayerEstimate'. Did you mean 'latencyCycles'?
src/pages/AnalyticsPage.tsx(13,36): error TS2551: Property 'latency_us' does not exist on type 'LayerEstimate'. Did you mean 'latencyUs'?
src/pages/AnalyticsPage.tsx(24,47): error TS2551: Property 'throughput_inf_per_sec' does not exist on type 'TotalEstimate'. Did you mean 'throughputInfPerSec'?
src/pages/ComparisonPage.tsx(3,28): error TS1484: 'RadarConfig' is a type and must be imported using a type-only import when 'verbatimModuleSyntax' is enabled.
src/pages/ComparisonPage.tsx(8,71): error TS2551: Property 'latency_us' does not exist on type 'TotalEstimate'. Did you mean 'latencyUs'?
src/pages/ComparisonPage.tsx(9,66): error TS2551: Property 'throughput_inf_per_sec' does not exist on type 'TotalEstimate'. Did you mean 'throughputInfPerSec'?
src/pages/ComparisonPage.tsx(16,36): error TS2551: Property 'latency_us' does not exist on type 'TotalEstimate'. Did you mean 'latencyUs'?
src/pages/ComparisonPage.tsx(17,39): error TS2551: Property 'throughput_inf_per_sec' does not exist on type 'TotalEstimate'. Did you mean 'throughputInfPerSec'?
src/pages/SimulatorPage.tsx(8,44): error TS6133: 'layers' is declared but its value is never read.
src/pages/SimulatorPage.tsx(13,33): error TS2551: Property 'latency_us' does not exist on type 'TotalEstimate'. Did you mean 'latencyUs'?
error TS2688: Cannot find type definition file for 'node'.
  The file is in the program because:
    Entry point of type library 'node' specified in compilerOptions
